[07/17/26 08:51:20] info     ================= cer started =================
[07/17/26 08:51:20] info     C:\Program Files\Autodesk\AutoCAD LT 2027\cer.dll, 7.2.4+20251128.8f05bb68.927
[07/17/26 08:51:20] info     Setting key SP/SDK_VERSION, value 7.2.4+20251128.8f05bb68.927 (maxCount 1)
[07/17/26 08:51:20] info     Setting key SP/PRODUCT_NAME_HASH, value fc89dc0cd0159cc48c6029ebfbf61463e3c4ff75 (maxCount 1)
[07/17/26 08:51:20] info     Setting key SP/RUNTIME_ARCH, value 1 (maxCount 1)
[07/17/26 08:51:20] info     Set senddmp exe path to C:\Program Files\Autodesk\AutoCAD LT 2027\CER\senddmp.exe
[07/17/26 08:51:20] info     The cer_service exe C:\Program Files\Autodesk\AutoCAD LT 2027\CER\service\cer_service.exe is not in folder C:\Program Files\Autodesk\AutoCAD LT 2027\CER\, it's not a sandbox
[07/17/26 08:51:20] info     Set upi exe path to C:\Program Files\Autodesk\AutoCAD LT 2027\CER\upi.exe
[07/17/26 08:51:20] info     launching C:\Program Files\Autodesk\AutoCAD LT 2027\CER\upi.exe --cmd=get-device-id C:\Users\brandon.m.smith\AppData\Local\Temp\15FCE767F24F74D1\Temp\upi_deviceid2
[07/17/26 08:51:21] info     Set deviceID2 to 60D5DD6D396FE5509197C38FEBC591D3E2A357A4F0CEF0E719513C2CBE1D4880&B12FA10BCDA55D32F551382F177E942F37DA06CC66A3A3610F7D7DCAB6D01423&4F1A4D12AB64C6FECE902D4472D6E4CBBD4932A8520589636A22B403144F543D
[07/17/26 08:51:21] info     Setting key SP/DEVICEID2, value 60D5DD6D396FE5509197C38FEBC591D3E2A357A4F0CEF0E719513C2CBE1D4880&B12FA10BCDA55D32F551382F177E942F37DA06CC66A3A3610F7D7DCAB6D01423&4F1A4D12AB64C6FECE902D4472D6E4CBBD4932A8520589636A22B403144F543D (maxCount 1)
[07/17/26 08:51:21] info     Setting key SP/UUID, value fc89dc0cd0159cc48c6029ebfbf61463e3c4ff7560D5DD6D396FE5509197C38FEBC591D3E2A357A4F0CEF0E719513C2CBE1D4880&B12FA10BCDA55D32F551382F177E942F37DA06CC66A3A3610F7D7DCAB6D01423&4F1A4D12AB64C6FECE902D4472D6E4CBBD4932A8520589636A22B403144F543D (maxCount 1)
[07/17/26 08:51:21] info     Set senddmp exe path to C:\Program Files\Autodesk\AutoCAD LT 2027\CER\senddmp.exe
[07/17/26 08:51:21] info     The cer_service exe C:\Program Files\Autodesk\AutoCAD LT 2027\CER\service\cer_service.exe is not in folder C:\Program Files\Autodesk\AutoCAD LT 2027\CER\, it's not a sandbox
[07/17/26 08:51:21] info     launching C:\Program Files\Autodesk\AutoCAD LT 2027\CER\upi.exe "C:\Program Files\Autodesk\AutoCAD LT 2027\en-US\UPI\upiconfig.xml" C:\Users\brandon.m.smith\AppData\Local\Temp\15FCE767F24F74D1\Temp\upi_info.xml
[07/17/26 08:51:22] info     Setting key SP/UPI_PRODUCT, value ACDLT (maxCount 1)
[07/17/26 08:51:22] info     Setting key SP/UPI_RELEASE, value 2027 (maxCount 1)
[07/17/26 08:51:22] info     Setting key SP/UPI_MASTER, value {28B89EEF-A109-0409-2102-CF3F3A09B77D} (maxCount 1)
[07/17/26 08:51:22] info     Setting key SP/UPI_BUILD, value 26.0.60.0.0 (maxCount 1)
[07/17/26 08:51:22] info     Setting key SP/UPI_FULL_XML, value <?xml version="1.0"?><upipackage><upivalue version="1.0" type="product" requestingapp="true"><level name="productline" id="ACDLT"><level name="release" id="2027"><level name="master" id="{28B89EEF-A109-0409-2102-CF3F3A09B77D}"><level name="build" id="26.0.60.0.0"/></level></level></level></upivalue>
</upipackage> (maxCount 1)
[07/17/26 08:51:22] info     set legacy options: /APPICON "C:\Program Files\Autodesk\AutoCAD LT 2027\AcBrandRes.dll" /APPICONID 1
[07/17/26 08:51:22] info     Setting key RP/AppIcon, value C:\Program Files\Autodesk\AutoCAD LT 2027\AcBrandRes.dll (maxCount 1)
[07/17/26 08:51:22] info     Setting key RP/AppIconId, value 1 (maxCount 1)
[07/17/26 08:51:22] info     Setting key RP/CadSettingsRegPath, value Software\Autodesk\AutoCAD LT\R33\ACADLT-A101:409\CadManagerControl\CustomerErrorReport (maxCount 1)
[07/17/26 08:51:22] info     Setting key RP/AppLocaleId, value 1033 (maxCount 1)
[07/17/26 08:51:22] info     Setting key RP/AppXML, value <ProductInformation name ="AutoCAD LT" build_version="X.60.0.0(x64)" registry_version="33" install_id_string="15FCE767F24F74D1" registry_localeID="1033" git_commit_id="90c984aa66a571142ee0757584bac517eec2175a" /> (maxCount 100)
[07/17/26 08:51:22] info     Setting key SP/THEME_TYPE, value Blue (maxCount 1)
[07/17/26 08:51:22] info     Setting key SP/EXCEPTION_INFO_POINTER, value 140713932915992 (maxCount 1)
[07/17/26 08:51:22] info     Setting key SP/THREAD_ID, value 4294967295 (maxCount 1)
[07/17/26 08:51:22] info     Get key SP/THREAD_ID, index 0: "4294967295"
[07/17/26 08:51:22] info     Setting key SP/WER, value 0 (maxCount 1)
[07/17/26 08:51:22] info     Get key SP/WER, index 0: "0"
[07/17/26 08:51:22] info     Registered C:\Program Files\Autodesk\AutoCAD LT 2027\cer.dll as WER runtime exception module
[07/17/26 08:51:22] info     Current ErrorMode is 32769
[07/17/26 08:51:22] debug    Receiver ping: pong
[07/24/26 11:33:22] info     ================= cer started =================
[07/24/26 11:33:22] info     C:\Program Files\Autodesk\AutoCAD LT 2027\cer.dll, 7.2.4+20251128.8f05bb68.927
[07/24/26 11:33:22] info     Setting key SP/SDK_VERSION, value 7.2.4+20251128.8f05bb68.927 (maxCount 1)
[07/24/26 11:33:22] info     Setting key SP/PRODUCT_NAME_HASH, value fc89dc0cd0159cc48c6029ebfbf61463e3c4ff75 (maxCount 1)
[07/24/26 11:33:22] info     Setting key SP/RUNTIME_ARCH, value 1 (maxCount 1)
[07/24/26 11:33:22] info     Set senddmp exe path to C:\Program Files\Autodesk\AutoCAD LT 2027\CER\senddmp.exe
[07/24/26 11:33:22] info     The cer_service exe C:\Program Files\Autodesk\AutoCAD LT 2027\CER\service\cer_service.exe is not in folder C:\Program Files\Autodesk\AutoCAD LT 2027\CER\, it's not a sandbox
[07/24/26 11:33:22] info     Set upi exe path to C:\Program Files\Autodesk\AutoCAD LT 2027\CER\upi.exe
[07/24/26 11:33:22] info     launching C:\Program Files\Autodesk\AutoCAD LT 2027\CER\upi.exe --cmd=get-device-id C:\Users\brandon.m.smith\AppData\Local\Temp\15FCE767F24F74D1\Temp\upi_deviceid2
[07/24/26 11:33:23] info     Set deviceID2 to 60D5DD6D396FE5509197C38FEBC591D3E2A357A4F0CEF0E719513C2CBE1D4880&B12FA10BCDA55D32F551382F177E942F37DA06CC66A3A3610F7D7DCAB6D01423&4F1A4D12AB64C6FECE902D4472D6E4CBBD4932A8520589636A22B403144F543D
[07/24/26 11:33:23] info     Setting key SP/DEVICEID2, value 60D5DD6D396FE5509197C38FEBC591D3E2A357A4F0CEF0E719513C2CBE1D4880&B12FA10BCDA55D32F551382F177E942F37DA06CC66A3A3610F7D7DCAB6D01423&4F1A4D12AB64C6FECE902D4472D6E4CBBD4932A8520589636A22B403144F543D (maxCount 1)
[07/24/26 11:33:23] info     Setting key SP/UUID, value fc89dc0cd0159cc48c6029ebfbf61463e3c4ff7560D5DD6D396FE5509197C38FEBC591D3E2A357A4F0CEF0E719513C2CBE1D4880&B12FA10BCDA55D32F551382F177E942F37DA06CC66A3A3610F7D7DCAB6D01423&4F1A4D12AB64C6FECE902D4472D6E4CBBD4932A8520589636A22B403144F543D (maxCount 1)
[07/24/26 11:33:23] info     Set senddmp exe path to C:\Program Files\Autodesk\AutoCAD LT 2027\CER\senddmp.exe
[07/24/26 11:33:23] info     The cer_service exe C:\Program Files\Autodesk\AutoCAD LT 2027\CER\service\cer_service.exe is not in folder C:\Program Files\Autodesk\AutoCAD LT 2027\CER\, it's not a sandbox
[07/24/26 11:33:23] info     launching C:\Program Files\Autodesk\AutoCAD LT 2027\CER\upi.exe "C:\Program Files\Autodesk\AutoCAD LT 2027\en-US\UPI\upiconfig.xml" C:\Users\brandon.m.smith\AppData\Local\Temp\15FCE767F24F74D1\Temp\upi_info.xml
[07/24/26 11:33:24] info     Setting key SP/UPI_PRODUCT, value ACDLT (maxCount 1)
[07/24/26 11:33:24] info     Setting key SP/UPI_RELEASE, value 2027 (maxCount 1)
[07/24/26 11:33:24] info     Setting key SP/UPI_MASTER, value {28B89EEF-A109-0409-2102-CF3F3A09B77D} (maxCount 1)
[07/24/26 11:33:24] info     Setting key SP/UPI_BUILD, value 26.0.60.0.0 (maxCount 1)
[07/24/26 11:33:24] info     Setting key SP/UPI_FULL_XML, value <?xml version="1.0"?><upipackage><upivalue version="1.0" type="product" requestingapp="true"><level name="productline" id="ACDLT"><level name="release" id="2027"><level name="master" id="{28B89EEF-A109-0409-2102-CF3F3A09B77D}"><level name="build" id="26.0.60.0.0"/></level></level></level></upivalue>
</upipackage> (maxCount 1)
[07/24/26 11:33:24] info     set legacy options: /APPICON "C:\Program Files\Autodesk\AutoCAD LT 2027\AcBrandRes.dll" /APPICONID 1
[07/24/26 11:33:24] info     Setting key RP/AppIcon, value C:\Program Files\Autodesk\AutoCAD LT 2027\AcBrandRes.dll (maxCount 1)
[07/24/26 11:33:24] info     Setting key RP/AppIconId, value 1 (maxCount 1)
[07/24/26 11:33:24] info     Setting key RP/CadSettingsRegPath, value Software\Autodesk\AutoCAD LT\R33\ACADLT-A101:409\CadManagerControl\CustomerErrorReport (maxCount 1)
[07/24/26 11:33:24] info     Setting key RP/AppLocaleId, value 1033 (maxCount 1)
[07/24/26 11:33:24] info     Setting key RP/AppXML, value <ProductInformation name ="AutoCAD LT" build_version="X.60.0.0(x64)" registry_version="33" install_id_string="15FCE767F24F74D1" registry_localeID="1033" git_commit_id="90c984aa66a571142ee0757584bac517eec2175a" /> (maxCount 100)
[07/24/26 11:33:24] info     Setting key SP/THEME_TYPE, value Blue (maxCount 1)
[07/24/26 11:33:24] info     Setting key SP/EXCEPTION_INFO_POINTER, value 140713808594200 (maxCount 1)
[07/24/26 11:33:24] info     Setting key SP/THREAD_ID, value 4294967295 (maxCount 1)
[07/24/26 11:33:24] info     Get key SP/THREAD_ID, index 0: "4294967295"
[07/24/26 11:33:24] info     Setting key SP/WER, value 0 (maxCount 1)
[07/24/26 11:33:24] info     Get key SP/WER, index 0: "0"
[07/24/26 11:33:24] info     Registered C:\Program Files\Autodesk\AutoCAD LT 2027\cer.dll as WER runtime exception module
[07/24/26 11:33:24] info     Current ErrorMode is 32769
[07/24/26 11:33:24] debug    Receiver ping: pong
[07/27/26 08:09:46] info     ================= cer started =================
[07/27/26 08:09:46] info     C:\Program Files\Autodesk\AutoCAD LT 2027\cer.dll, 7.2.4+20251128.8f05bb68.927
[07/27/26 08:09:46] info     Setting key SP/SDK_VERSION, value 7.2.4+20251128.8f05bb68.927 (maxCount 1)
[07/27/26 08:09:46] info     Setting key SP/PRODUCT_NAME_HASH, value fc89dc0cd0159cc48c6029ebfbf61463e3c4ff75 (maxCount 1)
[07/27/26 08:09:46] info     Setting key SP/RUNTIME_ARCH, value 1 (maxCount 1)
[07/27/26 08:09:46] info     Set senddmp exe path to C:\Program Files\Autodesk\AutoCAD LT 2027\CER\senddmp.exe
[07/27/26 08:09:46] info     The cer_service exe C:\Program Files\Autodesk\AutoCAD LT 2027\CER\service\cer_service.exe is not in folder C:\Program Files\Autodesk\AutoCAD LT 2027\CER\, it's not a sandbox
[07/27/26 08:09:46] info     Set upi exe path to C:\Program Files\Autodesk\AutoCAD LT 2027\CER\upi.exe
[07/27/26 08:09:46] info     launching C:\Program Files\Autodesk\AutoCAD LT 2027\CER\upi.exe --cmd=get-device-id C:\Users\brandon.m.smith\AppData\Local\Temp\15FCE767F24F74D1\Temp\upi_deviceid2
[07/27/26 08:09:47] info     Set deviceID2 to 60D5DD6D396FE5509197C38FEBC591D3E2A357A4F0CEF0E719513C2CBE1D4880&B12FA10BCDA55D32F551382F177E942F37DA06CC66A3A3610F7D7DCAB6D01423&4F1A4D12AB64C6FECE902D4472D6E4CBBD4932A8520589636A22B403144F543D
[07/27/26 08:09:47] info     Setting key SP/DEVICEID2, value 60D5DD6D396FE5509197C38FEBC591D3E2A357A4F0CEF0E719513C2CBE1D4880&B12FA10BCDA55D32F551382F177E942F37DA06CC66A3A3610F7D7DCAB6D01423&4F1A4D12AB64C6FECE902D4472D6E4CBBD4932A8520589636A22B403144F543D (maxCount 1)
[07/27/26 08:09:47] info     Setting key SP/UUID, value fc89dc0cd0159cc48c6029ebfbf61463e3c4ff7560D5DD6D396FE5509197C38FEBC591D3E2A357A4F0CEF0E719513C2CBE1D4880&B12FA10BCDA55D32F551382F177E942F37DA06CC66A3A3610F7D7DCAB6D01423&4F1A4D12AB64C6FECE902D4472D6E4CBBD4932A8520589636A22B403144F543D (maxCount 1)
[07/27/26 08:09:47] info     Set senddmp exe path to C:\Program Files\Autodesk\AutoCAD LT 2027\CER\senddmp.exe
[07/27/26 08:09:47] info     The cer_service exe C:\Program Files\Autodesk\AutoCAD LT 2027\CER\service\cer_service.exe is not in folder C:\Program Files\Autodesk\AutoCAD LT 2027\CER\, it's not a sandbox
[07/27/26 08:09:47] info     launching C:\Program Files\Autodesk\AutoCAD LT 2027\CER\upi.exe "C:\Program Files\Autodesk\AutoCAD LT 2027\en-US\UPI\upiconfig.xml" C:\Users\brandon.m.smith\AppData\Local\Temp\15FCE767F24F74D1\Temp\upi_info.xml
[07/27/26 08:09:48] info     Setting key SP/UPI_PRODUCT, value ACDLT (maxCount 1)
[07/27/26 08:09:48] info     Setting key SP/UPI_RELEASE, value 2027 (maxCount 1)
[07/27/26 08:09:48] info     Setting key SP/UPI_MASTER, value {28B89EEF-A109-0409-2102-CF3F3A09B77D} (maxCount 1)
[07/27/26 08:09:48] info     Setting key SP/UPI_BUILD, value 26.0.60.0.0 (maxCount 1)
[07/27/26 08:09:48] info     Setting key SP/UPI_FULL_XML, value <?xml version="1.0"?><upipackage><upivalue version="1.0" type="product" requestingapp="true"><level name="productline" id="ACDLT"><level name="release" id="2027"><level name="master" id="{28B89EEF-A109-0409-2102-CF3F3A09B77D}"><level name="build" id="26.0.60.0.0"/></level></level></level></upivalue>
</upipackage> (maxCount 1)
[07/27/26 08:09:48] info     set legacy options: /APPICON "C:\Program Files\Autodesk\AutoCAD LT 2027\AcBrandRes.dll" /APPICONID 1
[07/27/26 08:09:48] info     Setting key RP/AppIcon, value C:\Program Files\Autodesk\AutoCAD LT 2027\AcBrandRes.dll (maxCount 1)
[07/27/26 08:09:48] info     Setting key RP/AppIconId, value 1 (maxCount 1)
[07/27/26 08:09:48] info     Setting key RP/CadSettingsRegPath, value Software\Autodesk\AutoCAD LT\R33\ACADLT-A101:409\CadManagerControl\CustomerErrorReport (maxCount 1)
[07/27/26 08:09:48] info     Setting key RP/AppLocaleId, value 1033 (maxCount 1)
[07/27/26 08:09:48] info     Setting key RP/AppXML, value <ProductInformation name ="AutoCAD LT" build_version="X.60.0.0(x64)" registry_version="33" install_id_string="15FCE767F24F74D1" registry_localeID="1033" git_commit_id="90c984aa66a571142ee0757584bac517eec2175a" /> (maxCount 100)
[07/27/26 08:09:48] info     Setting key SP/THEME_TYPE, value Blue (maxCount 1)
[07/27/26 08:09:48] info     Setting key SP/EXCEPTION_INFO_POINTER, value 140714879124760 (maxCount 1)
[07/27/26 08:09:48] info     Setting key SP/THREAD_ID, value 4294967295 (maxCount 1)
[07/27/26 08:09:48] info     Get key SP/THREAD_ID, index 0: "4294967295"
[07/27/26 08:09:48] info     Setting key SP/WER, value 0 (maxCount 1)
[07/27/26 08:09:48] info     Get key SP/WER, index 0: "0"
[07/27/26 08:09:48] info     Registered C:\Program Files\Autodesk\AutoCAD LT 2027\cer.dll as WER runtime exception module
[07/27/26 08:09:48] info     Current ErrorMode is 32769
[07/27/26 08:09:48] debug    Receiver ping: pong
[07/31/26 10:31:51] info     ================= cer started =================
[07/31/26 10:31:51] info     C:\Program Files\Autodesk\AutoCAD LT 2027\cer.dll, 7.2.4+20251128.8f05bb68.927
[07/31/26 10:31:51] info     Setting key SP/SDK_VERSION, value 7.2.4+20251128.8f05bb68.927 (maxCount 1)
[07/31/26 10:31:51] info     Setting key SP/PRODUCT_NAME_HASH, value fc89dc0cd0159cc48c6029ebfbf61463e3c4ff75 (maxCount 1)
[07/31/26 10:31:51] info     Setting key SP/RUNTIME_ARCH, value 1 (maxCount 1)
[07/31/26 10:31:51] info     Set senddmp exe path to C:\Program Files\Autodesk\AutoCAD LT 2027\CER\senddmp.exe
[07/31/26 10:31:51] info     The cer_service exe C:\Program Files\Autodesk\AutoCAD LT 2027\CER\service\cer_service.exe is not in folder C:\Program Files\Autodesk\AutoCAD LT 2027\CER\, it's not a sandbox
[07/31/26 10:31:51] info     Set upi exe path to C:\Program Files\Autodesk\AutoCAD LT 2027\CER\upi.exe
[07/31/26 10:31:51] info     launching C:\Program Files\Autodesk\AutoCAD LT 2027\CER\upi.exe --cmd=get-device-id C:\Users\brandon.m.smith\AppData\Local\Temp\15FCE767F24F74D1\Temp\upi_deviceid2
[07/31/26 10:31:52] info     Set deviceID2 to 60D5DD6D396FE5509197C38FEBC591D3E2A357A4F0CEF0E719513C2CBE1D4880&B12FA10BCDA55D32F551382F177E942F37DA06CC66A3A3610F7D7DCAB6D01423&4F1A4D12AB64C6FECE902D4472D6E4CBBD4932A8520589636A22B403144F543D
[07/31/26 10:31:52] info     Setting key SP/DEVICEID2, value 60D5DD6D396FE5509197C38FEBC591D3E2A357A4F0CEF0E719513C2CBE1D4880&B12FA10BCDA55D32F551382F177E942F37DA06CC66A3A3610F7D7DCAB6D01423&4F1A4D12AB64C6FECE902D4472D6E4CBBD4932A8520589636A22B403144F543D (maxCount 1)
[07/31/26 10:31:52] info     Setting key SP/UUID, value fc89dc0cd0159cc48c6029ebfbf61463e3c4ff7560D5DD6D396FE5509197C38FEBC591D3E2A357A4F0CEF0E719513C2CBE1D4880&B12FA10BCDA55D32F551382F177E942F37DA06CC66A3A3610F7D7DCAB6D01423&4F1A4D12AB64C6FECE902D4472D6E4CBBD4932A8520589636A22B403144F543D (maxCount 1)
[07/31/26 10:31:52] info     Set senddmp exe path to C:\Program Files\Autodesk\AutoCAD LT 2027\CER\senddmp.exe
[07/31/26 10:31:52] info     The cer_service exe C:\Program Files\Autodesk\AutoCAD LT 2027\CER\service\cer_service.exe is not in folder C:\Program Files\Autodesk\AutoCAD LT 2027\CER\, it's not a sandbox
[07/31/26 10:31:52] info     launching C:\Program Files\Autodesk\AutoCAD LT 2027\CER\upi.exe "C:\Program Files\Autodesk\AutoCAD LT 2027\en-US\UPI\upiconfig.xml" C:\Users\brandon.m.smith\AppData\Local\Temp\15FCE767F24F74D1\Temp\upi_info.xml
[07/31/26 10:31:53] info     Setting key SP/UPI_PRODUCT, value ACDLT (maxCount 1)
[07/31/26 10:31:53] info     Setting key SP/UPI_RELEASE, value 2027 (maxCount 1)
[07/31/26 10:31:53] info     Setting key SP/UPI_MASTER, value {28B89EEF-A109-0409-2102-CF3F3A09B77D} (maxCount 1)
[07/31/26 10:31:53] info     Setting key SP/UPI_BUILD, value 26.0.60.0.0 (maxCount 1)
[07/31/26 10:31:53] info     Setting key SP/UPI_FULL_XML, value <?xml version="1.0"?><upipackage><upivalue version="1.0" type="product" requestingapp="true"><level name="productline" id="ACDLT"><level name="release" id="2027"><level name="master" id="{28B89EEF-A109-0409-2102-CF3F3A09B77D}"><level name="build" id="26.0.60.0.0"/></level></level></level></upivalue>
</upipackage> (maxCount 1)
[07/31/26 10:31:53] info     set legacy options: /APPICON "C:\Program Files\Autodesk\AutoCAD LT 2027\AcBrandRes.dll" /APPICONID 1
[07/31/26 10:31:53] info     Setting key RP/AppIcon, value C:\Program Files\Autodesk\AutoCAD LT 2027\AcBrandRes.dll (maxCount 1)
[07/31/26 10:31:53] info     Setting key RP/AppIconId, value 1 (maxCount 1)
[07/31/26 10:31:53] info     Setting key RP/CadSettingsRegPath, value Software\Autodesk\AutoCAD LT\R33\ACADLT-A101:409\CadManagerControl\CustomerErrorReport (maxCount 1)
[07/31/26 10:31:53] info     Setting key RP/AppLocaleId, value 1033 (maxCount 1)
[07/31/26 10:31:53] info     Setting key RP/AppXML, value <ProductInformation name ="AutoCAD LT" build_version="X.60.0.0(x64)" registry_version="33" install_id_string="15FCE767F24F74D1" registry_localeID="1033" git_commit_id="90c984aa66a571142ee0757584bac517eec2175a" /> (maxCount 100)
[07/31/26 10:31:53] info     Setting key SP/THEME_TYPE, value Blue (maxCount 1)
[07/31/26 10:31:53] info     Setting key SP/EXCEPTION_INFO_POINTER, value 140717538968856 (maxCount 1)
[07/31/26 10:31:53] info     Setting key SP/THREAD_ID, value 4294967295 (maxCount 1)
[07/31/26 10:31:53] info     Get key SP/THREAD_ID, index 0: "4294967295"
[07/31/26 10:31:53] info     Setting key SP/WER, value 0 (maxCount 1)
[07/31/26 10:31:53] info     Get key SP/WER, index 0: "0"
[07/31/26 10:31:53] info     Registered C:\Program Files\Autodesk\AutoCAD LT 2027\cer.dll as WER runtime exception module
[07/31/26 10:31:53] info     Current ErrorMode is 32769
[07/31/26 10:31:53] debug    Receiver ping: pong
[08/07/26 10:39:43] info     ================= cer started =================
[08/07/26 10:39:43] info     C:\Program Files\Autodesk\AutoCAD LT 2027\cer.dll, 7.2.4+20251128.8f05bb68.927
[08/07/26 10:39:43] info     Setting key SP/SDK_VERSION, value 7.2.4+20251128.8f05bb68.927 (maxCount 1)
[08/07/26 10:39:43] info     Setting key SP/PRODUCT_NAME_HASH, value fc89dc0cd0159cc48c6029ebfbf61463e3c4ff75 (maxCount 1)
[08/07/26 10:39:43] info     Setting key SP/RUNTIME_ARCH, value 1 (maxCount 1)
[08/07/26 10:39:43] info     Set senddmp exe path to C:\Program Files\Autodesk\AutoCAD LT 2027\CER\senddmp.exe
[08/07/26 10:39:43] info     The cer_service exe C:\Program Files\Autodesk\AutoCAD LT 2027\CER\service\cer_service.exe is not in folder C:\Program Files\Autodesk\AutoCAD LT 2027\CER\, it's not a sandbox
[08/07/26 10:39:43] info     Set upi exe path to C:\Program Files\Autodesk\AutoCAD LT 2027\CER\upi.exe
[08/07/26 10:39:43] info     launching C:\Program Files\Autodesk\AutoCAD LT 2027\CER\upi.exe --cmd=get-device-id C:\Users\brandon.m.smith\AppData\Local\Temp\15FCE767F24F74D1\Temp\upi_deviceid2
[08/07/26 10:39:44] info     Set deviceID2 to 60D5DD6D396FE5509197C38FEBC591D3E2A357A4F0CEF0E719513C2CBE1D4880&B12FA10BCDA55D32F551382F177E942F37DA06CC66A3A3610F7D7DCAB6D01423&4F1A4D12AB64C6FECE902D4472D6E4CBBD4932A8520589636A22B403144F543D
[08/07/26 10:39:44] info     Setting key SP/DEVICEID2, value 60D5DD6D396FE5509197C38FEBC591D3E2A357A4F0CEF0E719513C2CBE1D4880&B12FA10BCDA55D32F551382F177E942F37DA06CC66A3A3610F7D7DCAB6D01423&4F1A4D12AB64C6FECE902D4472D6E4CBBD4932A8520589636A22B403144F543D (maxCount 1)
[08/07/26 10:39:44] info     Setting key SP/UUID, value fc89dc0cd0159cc48c6029ebfbf61463e3c4ff7560D5DD6D396FE5509197C38FEBC591D3E2A357A4F0CEF0E719513C2CBE1D4880&B12FA10BCDA55D32F551382F177E942F37DA06CC66A3A3610F7D7DCAB6D01423&4F1A4D12AB64C6FECE902D4472D6E4CBBD4932A8520589636A22B403144F543D (maxCount 1)
[08/07/26 10:39:44] info     Set senddmp exe path to C:\Program Files\Autodesk\AutoCAD LT 2027\CER\senddmp.exe
[08/07/26 10:39:44] info     The cer_service exe C:\Program Files\Autodesk\AutoCAD LT 2027\CER\service\cer_service.exe is not in folder C:\Program Files\Autodesk\AutoCAD LT 2027\CER\, it's not a sandbox
[08/07/26 10:39:44] info     launching C:\Program Files\Autodesk\AutoCAD LT 2027\CER\upi.exe "C:\Program Files\Autodesk\AutoCAD LT 2027\en-US\UPI\upiconfig.xml" C:\Users\brandon.m.smith\AppData\Local\Temp\15FCE767F24F74D1\Temp\upi_info.xml
[08/07/26 10:39:45] info     Setting key SP/UPI_PRODUCT, value ACDLT (maxCount 1)
[08/07/26 10:39:45] info     Setting key SP/UPI_RELEASE, value 2027 (maxCount 1)
[08/07/26 10:39:45] info     Setting key SP/UPI_MASTER, value {28B89EEF-A109-0409-2102-CF3F3A09B77D} (maxCount 1)
[08/07/26 10:39:45] info     Setting key SP/UPI_BUILD, value 26.0.60.0.0 (maxCount 1)
[08/07/26 10:39:45] info     Setting key SP/UPI_FULL_XML, value <?xml version="1.0"?><upipackage><upivalue version="1.0" type="product" requestingapp="true"><level name="productline" id="ACDLT"><level name="release" id="2027"><level name="master" id="{28B89EEF-A109-0409-2102-CF3F3A09B77D}"><level name="build" id="26.0.60.0.0"/></level></level></level></upivalue>
</upipackage> (maxCount 1)
[08/07/26 10:39:45] info     set legacy options: /APPICON "C:\Program Files\Autodesk\AutoCAD LT 2027\AcBrandRes.dll" /APPICONID 1
[08/07/26 10:39:45] info     Setting key RP/AppIcon, value C:\Program Files\Autodesk\AutoCAD LT 2027\AcBrandRes.dll (maxCount 1)
[08/07/26 10:39:45] info     Setting key RP/AppIconId, value 1 (maxCount 1)
[08/07/26 10:39:45] info     Setting key RP/CadSettingsRegPath, value Software\Autodesk\AutoCAD LT\R33\ACADLT-A101:409\CadManagerControl\CustomerErrorReport (maxCount 1)
[08/07/26 10:39:45] info     Setting key RP/AppLocaleId, value 1033 (maxCount 1)
[08/07/26 10:39:45] info     Setting key RP/AppXML, value <ProductInformation name ="AutoCAD LT" build_version="X.60.0.0(x64)" registry_version="33" install_id_string="15FCE767F24F74D1" registry_localeID="1033" git_commit_id="90c984aa66a571142ee0757584bac517eec2175a" /> (maxCount 100)
[08/07/26 10:39:45] info     Setting key SP/THEME_TYPE, value Blue (maxCount 1)
[08/07/26 10:39:45] info     Setting key SP/EXCEPTION_INFO_POINTER, value 140708926031128 (maxCount 1)
[08/07/26 10:39:45] info     Setting key SP/THREAD_ID, value 4294967295 (maxCount 1)
[08/07/26 10:39:45] info     Get key SP/THREAD_ID, index 0: "4294967295"
[08/07/26 10:39:45] info     Setting key SP/WER, value 0 (maxCount 1)
[08/07/26 10:39:45] info     Get key SP/WER, index 0: "0"
[08/07/26 10:39:45] info     Registered C:\Program Files\Autodesk\AutoCAD LT 2027\cer.dll as WER runtime exception module
[08/07/26 10:39:45] info     Current ErrorMode is 32769
[08/07/26 10:39:45] debug    Receiver ping: pong
[08/10/26 09:26:13] info     ================= cer started =================
[08/10/26 09:26:13] info     C:\Program Files\Autodesk\AutoCAD LT 2027\cer.dll, 7.2.4+20251128.8f05bb68.927
[08/10/26 09:26:13] info     Setting key SP/SDK_VERSION, value 7.2.4+20251128.8f05bb68.927 (maxCount 1)
[08/10/26 09:26:13] info     Setting key SP/PRODUCT_NAME_HASH, value fc89dc0cd0159cc48c6029ebfbf61463e3c4ff75 (maxCount 1)
[08/10/26 09:26:13] info     Setting key SP/RUNTIME_ARCH, value 1 (maxCount 1)
[08/10/26 09:26:13] info     Set senddmp exe path to C:\Program Files\Autodesk\AutoCAD LT 2027\CER\senddmp.exe
[08/10/26 09:26:13] info     The cer_service exe C:\Program Files\Autodesk\AutoCAD LT 2027\CER\service\cer_service.exe is not in folder C:\Program Files\Autodesk\AutoCAD LT 2027\CER\, it's not a sandbox
[08/10/26 09:26:13] info     Set upi exe path to C:\Program Files\Autodesk\AutoCAD LT 2027\CER\upi.exe
[08/10/26 09:26:13] info     launching C:\Program Files\Autodesk\AutoCAD LT 2027\CER\upi.exe --cmd=get-device-id C:\Users\brandon.m.smith\AppData\Local\Temp\15FCE767F24F74D1\Temp\upi_deviceid2
[08/10/26 09:26:14] info     Set deviceID2 to 60D5DD6D396FE5509197C38FEBC591D3E2A357A4F0CEF0E719513C2CBE1D4880&B12FA10BCDA55D32F551382F177E942F37DA06CC66A3A3610F7D7DCAB6D01423&4F1A4D12AB64C6FECE902D4472D6E4CBBD4932A8520589636A22B403144F543D
[08/10/26 09:26:14] info     Setting key SP/DEVICEID2, value 60D5DD6D396FE5509197C38FEBC591D3E2A357A4F0CEF0E719513C2CBE1D4880&B12FA10BCDA55D32F551382F177E942F37DA06CC66A3A3610F7D7DCAB6D01423&4F1A4D12AB64C6FECE902D4472D6E4CBBD4932A8520589636A22B403144F543D (maxCount 1)
[08/10/26 09:26:14] info     Setting key SP/UUID, value fc89dc0cd0159cc48c6029ebfbf61463e3c4ff7560D5DD6D396FE5509197C38FEBC591D3E2A357A4F0CEF0E719513C2CBE1D4880&B12FA10BCDA55D32F551382F177E942F37DA06CC66A3A3610F7D7DCAB6D01423&4F1A4D12AB64C6FECE902D4472D6E4CBBD4932A8520589636A22B403144F543D (maxCount 1)
[08/10/26 09:26:14] info     Set senddmp exe path to C:\Program Files\Autodesk\AutoCAD LT 2027\CER\senddmp.exe
[08/10/26 09:26:14] info     The cer_service exe C:\Program Files\Autodesk\AutoCAD LT 2027\CER\service\cer_service.exe is not in folder C:\Program Files\Autodesk\AutoCAD LT 2027\CER\, it's not a sandbox
[08/10/26 09:26:14] info     launching C:\Program Files\Autodesk\AutoCAD LT 2027\CER\upi.exe "C:\Program Files\Autodesk\AutoCAD LT 2027\en-US\UPI\upiconfig.xml" C:\Users\brandon.m.smith\AppData\Local\Temp\15FCE767F24F74D1\Temp\upi_info.xml
[08/10/26 09:26:15] info     Setting key SP/UPI_PRODUCT, value ACDLT (maxCount 1)
[08/10/26 09:26:15] info     Setting key SP/UPI_RELEASE, value 2027 (maxCount 1)
[08/10/26 09:26:15] info     Setting key SP/UPI_MASTER, value {28B89EEF-A109-0409-2102-CF3F3A09B77D} (maxCount 1)
[08/10/26 09:26:15] info     Setting key SP/UPI_BUILD, value 26.0.60.0.0 (maxCount 1)
[08/10/26 09:26:15] info     Setting key SP/UPI_FULL_XML, value <?xml version="1.0"?><upipackage><upivalue version="1.0" type="product" requestingapp="true"><level name="productline" id="ACDLT"><level name="release" id="2027"><level name="master" id="{28B89EEF-A109-0409-2102-CF3F3A09B77D}"><level name="build" id="26.0.60.0.0"/></level></level></level></upivalue>
</upipackage> (maxCount 1)
[08/10/26 09:26:15] info     set legacy options: /APPICON "C:\Program Files\Autodesk\AutoCAD LT 2027\AcBrandRes.dll" /APPICONID 1
[08/10/26 09:26:15] info     Setting key RP/AppIcon, value C:\Program Files\Autodesk\AutoCAD LT 2027\AcBrandRes.dll (maxCount 1)
[08/10/26 09:26:15] info     Setting key RP/AppIconId, value 1 (maxCount 1)
[08/10/26 09:26:15] info     Setting key RP/CadSettingsRegPath, value Software\Autodesk\AutoCAD LT\R33\ACADLT-A101:409\CadManagerControl\CustomerErrorReport (maxCount 1)
[08/10/26 09:26:15] info     Setting key RP/AppLocaleId, value 1033 (maxCount 1)
[08/10/26 09:26:15] info     Setting key RP/AppXML, value <ProductInformation name ="AutoCAD LT" build_version="X.60.0.0(x64)" registry_version="33" install_id_string="15FCE767F24F74D1" registry_localeID="1033" git_commit_id="90c984aa66a571142ee0757584bac517eec2175a" /> (maxCount 100)
[08/10/26 09:26:15] info     Setting key SP/THEME_TYPE, value Blue (maxCount 1)
[08/10/26 09:26:15] info     Setting key SP/EXCEPTION_INFO_POINTER, value 140725717075224 (maxCount 1)
[08/10/26 09:26:15] info     Setting key SP/THREAD_ID, value 4294967295 (maxCount 1)
[08/10/26 09:26:15] info     Get key SP/THREAD_ID, index 0: "4294967295"
[08/10/26 09:26:15] info     Setting key SP/WER, value 0 (maxCount 1)
[08/10/26 09:26:15] info     Get key SP/WER, index 0: "0"
[08/10/26 09:26:15] info     Registered C:\Program Files\Autodesk\AutoCAD LT 2027\cer.dll as WER runtime exception module
[08/10/26 09:26:15] info     Current ErrorMode is 32769
[08/10/26 09:26:15] debug    Receiver ping: pong
